[     231ms] [WARNING] Manifest: property 'migrate_from' ignored, manifest must specify an 'id' property in order to receive a migration. @ https://www.youtube.com/manifest.webmanifest:0
[     949ms] [ERROR] Failed to load resource: the server responded with a status of 401 () @ https://accounts.google.com/ServiceLogin?service=youtube&uilel=3&passive=true&continue=https%3A%2F%2Fwww.youtube.com%2Fsignin%3Faction_handle_signin%3Dtrue%26app%3Ddesktop%26hl%3Den%26next%3D%252Fsignin_passive%26feature%3Dpassive&hl=en:0
[    1124ms] [INFO] LegacyDataMixin will be applied to all legacy elements.
Set `_legacyUndefinedCheck: true` on element class to enable. @ https://www.youtube.com/s/_/ytmainappweb/_/js/k=ytmainappweb.kevlar_base.en_US.rO5X4qAhe48.es5.O/am=AAAAACAAEAASAw/d=1/br=1/rs=AGKMywHtvV1E4ybzVyxItva-_cni-MlFwQ/m=kevlar_base_module,kevlar_main_module,kevlar_base_sync_mod_chunk:10256
[    1351ms] [INFO] Banner not shown: beforeinstallpromptevent.preventDefault() called. The page must call beforeinstallpromptevent.prompt() to show the banner. @ https://www.youtube.com/watch?v=jNQXAC9IVRw:0
[    2455ms] [ERROR] Failed to load resource: the server responded with a status of 400 () @ https://www.youtube.com/youtubei/v1/feedback?prettyPrint=false:0
[   10288ms] [WARNING] The resource https://rr2---sn-25ge7nzk.googlevideo.com/generate_204 was preloaded using link preload but not used within a few seconds from the window's load event. Please make sure it has an appropriate `as` value and it is preloaded intentionally. @ https://www.youtube.com/watch?v=jNQXAC9IVRw:0
[   10288ms] [WARNING] The resource https://rr2---sn-25ge7nzk.c.youtube.com/generate_204 was preloaded using link preload but not used within a few seconds from the window's load event. Please make sure it has an appropriate `as` value and it is preloaded intentionally. @ https://www.youtube.com/watch?v=jNQXAC9IVRw:0
[   10288ms] [WARNING] The resource https://i.ytimg.com/generate_204 was preloaded using link preload but not used within a few seconds from the window's load event. Please make sure it has an appropriate `as` value and it is preloaded intentionally. @ https://www.youtube.com/watch?v=jNQXAC9IVRw:0
[   20563ms] [WARNING] The resource https://rr2---sn-25ge7nzk.googlevideo.com/generate_204 was preloaded using link preload but not used within a few seconds from the window's load event. Please make sure it has an appropriate `as` value and it is preloaded intentionally. @ https://www.youtube.com/watch?v=jNQXAC9IVRw:0
[   20563ms] [WARNING] The resource https://rr2---sn-25ge7nzk.c.youtube.com/generate_204 was preloaded using link preload but not used within a few seconds from the window's load event. Please make sure it has an appropriate `as` value and it is preloaded intentionally. @ https://www.youtube.com/watch?v=jNQXAC9IVRw:0
[   20563ms] [WARNING] The resource https://i.ytimg.com/generate_204 was preloaded using link preload but not used within a few seconds from the window's load event. Please make sure it has an appropriate `as` value and it is preloaded intentionally. @ https://www.youtube.com/watch?v=jNQXAC9IVRw:0
[   25453ms] [WARNING] The resource https://rr2---sn-25ge7nzk.googlevideo.com/generate_204 was preloaded using link preload but not used within a few seconds from the window's load event. Please make sure it has an appropriate `as` value and it is preloaded intentionally. @ https://www.youtube.com/watch?v=jNQXAC9IVRw:0
[   25453ms] [WARNING] The resource https://rr2---sn-25ge7nzk.c.youtube.com/generate_204 was preloaded using link preload but not used within a few seconds from the window's load event. Please make sure it has an appropriate `as` value and it is preloaded intentionally. @ https://www.youtube.com/watch?v=jNQXAC9IVRw:0
[   25453ms] [WARNING] The resource https://i.ytimg.com/generate_204 was preloaded using link preload but not used within a few seconds from the window's load event. Please make sure it has an appropriate `as` value and it is preloaded intentionally. @ https://www.youtube.com/watch?v=jNQXAC9IVRw:0
[   30877ms] [WARNING] The resource https://rr2---sn-25ge7nzk.googlevideo.com/generate_204 was preloaded using link preload but not used within a few seconds from the window's load event. Please make sure it has an appropriate `as` value and it is preloaded intentionally. @ https://www.youtube.com/watch?v=jNQXAC9IVRw:0
[   30877ms] [WARNING] The resource https://rr2---sn-25ge7nzk.c.youtube.com/generate_204 was preloaded using link preload but not used within a few seconds from the window's load event. Please make sure it has an appropriate `as` value and it is preloaded intentionally. @ https://www.youtube.com/watch?v=jNQXAC9IVRw:0
[   30877ms] [WARNING] The resource https://i.ytimg.com/generate_204 was preloaded using link preload but not used within a few seconds from the window's load event. Please make sure it has an appropriate `as` value and it is preloaded intentionally. @ https://www.youtube.com/watch?v=jNQXAC9IVRw:0
[   35579ms] [WARNING] The resource https://rr2---sn-25ge7nzk.googlevideo.com/generate_204 was preloaded using link preload but not used within a few seconds from the window's load event. Please make sure it has an appropriate `as` value and it is preloaded intentionally. @ https://www.youtube.com/watch?v=jNQXAC9IVRw:0
[   35579ms] [WARNING] The resource https://rr2---sn-25ge7nzk.c.youtube.com/generate_204 was preloaded using link preload but not used within a few seconds from the window's load event. Please make sure it has an appropriate `as` value and it is preloaded intentionally. @ https://www.youtube.com/watch?v=jNQXAC9IVRw:0
[   35579ms] [WARNING] The resource https://i.ytimg.com/generate_204 was preloaded using link preload but not used within a few seconds from the window's load event. Please make sure it has an appropriate `as` value and it is preloaded intentionally. @ https://www.youtube.com/watch?v=jNQXAC9IVRw:0
[   41877ms] [WARNING] The resource https://rr2---sn-25ge7nzk.googlevideo.com/generate_204 was preloaded using link preload but not used within a few seconds from the window's load event. Please make sure it has an appropriate `as` value and it is preloaded intentionally. @ https://www.youtube.com/watch?v=jNQXAC9IVRw:0
[   41878ms] [WARNING] The resource https://rr2---sn-25ge7nzk.c.youtube.com/generate_204 was preloaded using link preload but not used within a few seconds from the window's load event. Please make sure it has an appropriate `as` value and it is preloaded intentionally. @ https://www.youtube.com/watch?v=jNQXAC9IVRw:0
[   41878ms] [WARNING] The resource https://i.ytimg.com/generate_204 was preloaded using link preload but not used within a few seconds from the window's load event. Please make sure it has an appropriate `as` value and it is preloaded intentionally. @ https://www.youtube.com/watch?v=jNQXAC9IVRw:0
[   45705ms] [WARNING] The resource https://rr2---sn-25ge7nzk.googlevideo.com/generate_204 was preloaded using link preload but not used within a few seconds from the window's load event. Please make sure it has an appropriate `as` value and it is preloaded intentionally. @ https://www.youtube.com/watch?v=jNQXAC9IVRw:0
[   45705ms] [WARNING] The resource https://rr2---sn-25ge7nzk.c.youtube.com/generate_204 was preloaded using link preload but not used within a few seconds from the window's load event. Please make sure it has an appropriate `as` value and it is preloaded intentionally. @ https://www.youtube.com/watch?v=jNQXAC9IVRw:0
[   45705ms] [WARNING] The resource https://i.ytimg.com/generate_204 was preloaded using link preload but not used within a few seconds from the window's load event. Please make sure it has an appropriate `as` value and it is preloaded intentionally. @ https://www.youtube.com/watch?v=jNQXAC9IVRw:0
[   50752ms] [WARNING] The resource https://rr2---sn-25ge7nzk.googlevideo.com/generate_204 was preloaded using link preload but not used within a few seconds from the window's load event. Please make sure it has an appropriate `as` value and it is preloaded intentionally. @ https://www.youtube.com/watch?v=jNQXAC9IVRw:0
[   50752ms] [WARNING] The resource https://rr2---sn-25ge7nzk.c.youtube.com/generate_204 was preloaded using link preload but not used within a few seconds from the window's load event. Please make sure it has an appropriate `as` value and it is preloaded intentionally. @ https://www.youtube.com/watch?v=jNQXAC9IVRw:0
[   50752ms] [WARNING] The resource https://i.ytimg.com/generate_204 was preloaded using link preload but not used within a few seconds from the window's load event. Please make sure it has an appropriate `as` value and it is preloaded intentionally. @ https://www.youtube.com/watch?v=jNQXAC9IVRw:0
